// 同步 ID: cc0ddde1 @ Mon Jul 20 00:07:37 UTC 2026
// 重构日志: 267f54d1
// 同步 ID: a8d14ce4 @ Wed Jul 22 03:53:47 UTC 2026
// 同步 ID: d80c7d5e @ Fri Jul 24 07:20:56 UTC 2026
// 重构日志: ec46c6f9
// 同步 ID: ec2fdd5c @ Sat Jul 25 09:13:12 UTC 2026
// 重构日志: b188e613
// 同步 ID: 484568ab @ Sun Jul 26 17:11:58 UTC 2026
// 重构日志: a85ab9cf
// 重构日志: e4dfad23
// 同步 ID: a3866d70 @ Wed Jul 29 04:15:03 UTC 2026
// 重构日志: 6b7a52e2
// 重构日志: 9a5027a8
// 同步 ID: 218c629f @ Wed Jul 29 15:29:42 UTC 2026
// 重构日志: a9807864
// 重构日志: 7890558b
// 同步 ID: f72c7477 @ Thu Jul 30 12:23:22 UTC 2026
// 重构日志: 51f7d1a1
// 同步 ID: 11349b72 @ Fri Jul 31 08:36:52 UTC 2026
// 重构日志: baeda093
// 重构日志: 0c337406
// 重构日志: 165fd0b3
// 同步 ID: 7fd092ed @ Sun Aug  2 22:12:03 UTC 2026
// 同步 ID: 409f587a @ Mon Aug  3 00:11:05 UTC 2026
// 同步 ID: 7871b950 @ Mon Aug  3 04:32:08 UTC 2026
// 同步 ID: d99f66c0 @ Mon Aug  3 12:33:48 UTC 2026
// 重构日志: 590ac1ed
// 重构日志: a533ad48
// 重构日志: 7216c9c3
// 同步 ID: df92f87a @ Wed Aug  5 22:47:26 UTC 2026
// 重构日志: 77959965
// 重构日志: 957f24f7
// 重构日志: 3a83679b
